// UltiSoC verilated model

+incdir+${ULTISOC_HOME}/hw/ultiparc/rtl/include
+incdir+${ULTISOC_HOME}/hw/ultiparc/rtl/src/cpu
+incdir+${ULTISOC_HOME}/hw/soc_top/include
+incdir+${ULTISOC_HOME}/hw/upuart/src
-clk clk
--top-module vl_soc_top
-cc
${ULTISOC_HOME}/hw/ultiparc/rtl/src/fabric.v
${ULTISOC_HOME}/hw/ultiparc/rtl/src/fabric_port.v
${ULTISOC_HOME}/hw/ultiparc/rtl/src/fabric_port_demux.v
${ULTISOC_HOME}/hw/ultiparc/rtl/src/fabric2.v
${ULTISOC_HOME}/hw/ultiparc/rtl/src/fabric2_control.v
${ULTISOC_HOME}/hw/ultiparc/rtl/src/fabric2_decoder.v
${ULTISOC_HOME}/hw/ultiparc/rtl/src/fabric2_mswitch.v
${ULTISOC_HOME}/hw/ultiparc/rtl/src/fabric2_sswitch.v
${ULTISOC_HOME}/hw/ultiparc/rtl/src/interval_timer.v
${ULTISOC_HOME}/hw/ultiparc/rtl/src/intr_controller.v
${ULTISOC_HOME}/hw/ultiparc/rtl/src/ibus2ocp.v
${ULTISOC_HOME}/hw/ultiparc/rtl/src/dbus2ocp.v
${ULTISOC_HOME}/hw/ultiparc/rtl/src/ibus2ocp2.v
${ULTISOC_HOME}/hw/ultiparc/rtl/src/dbus2ocp2.v
${ULTISOC_HOME}/hw/ultiparc/rtl/src/cpu/uparc_cpu_top.v
${ULTISOC_HOME}/hw/ultiparc/rtl/src/cpu/uparc_alu.v
${ULTISOC_HOME}/hw/ultiparc/rtl/src/cpu/uparc_ifu.v
${ULTISOC_HOME}/hw/ultiparc/rtl/src/cpu/uparc_lsu.v
${ULTISOC_HOME}/hw/ultiparc/rtl/src/cpu/uparc_reg_file.v
${ULTISOC_HOME}/hw/ultiparc/rtl/src/cpu/uparc_fwdu.v
${ULTISOC_HOME}/hw/ultiparc/rtl/src/cpu/uparc_coproc0.v
${ULTISOC_HOME}/hw/ultiparc/rtl/src/cpu/uparc_coproc0_eiu.v
${ULTISOC_HOME}/hw/ultiparc/rtl/src/cpu/uparc_imuldivu.v
${ULTISOC_HOME}/hw/ultiparc/rtl/src/cpu/uparc_long_imul.v
${ULTISOC_HOME}/hw/ultiparc/rtl/src/cpu/uparc_long_idiv.v
${ULTISOC_HOME}/hw/ultiparc/rtl/src/cpu/uparc_fast_imul.v
${ULTISOC_HOME}/hw/ultiparc/rtl/src/cpu/uparc_fetch.v
${ULTISOC_HOME}/hw/ultiparc/rtl/src/cpu/uparc_decode.v
${ULTISOC_HOME}/hw/ultiparc/rtl/src/cpu/uparc_execute.v
${ULTISOC_HOME}/hw/ultiparc/rtl/src/cpu/uparc_memory_access.v
${ULTISOC_HOME}/hw/ultiparc/rtl/src/cpu/uparc_writeback.v
${ULTISOC_HOME}/hw/upuart/src/upuart_brgen.v
${ULTISOC_HOME}/hw/upuart/src/upuart_ctrl.v
${ULTISOC_HOME}/hw/upuart/src/upuart_fifo.v
${ULTISOC_HOME}/hw/upuart/src/upuart_ocp_if.v
${ULTISOC_HOME}/hw/upuart/src/upuart_rx.v
${ULTISOC_HOME}/hw/upuart/src/upuart_top.v
${ULTISOC_HOME}/hw/upuart/src/upuart_tx.v
${ULTISOC_HOME}/hw/soc_control/src/soc_control.v
${ULTISOC_HOME}/hw/memory_top/src/memory_top.v
${ULTISOC_HOME}/hw/memory_top/src/rom_top.v
${ULTISOC_HOME}/hw/memory_top/src/ram_top.v
${ULTISOC_HOME}/hw/soc_top/src/ultisoc_soc_top.v
vl_soc_top.v
main.cxx
